[{"stream_name":"stdout","time":1.03338516,"data":"============================================================\n"}
,{"stream_name":"stdout","time":1.033467847,"data":"Installing dependencies...\n"}
,{"stream_name":"stdout","time":1.0334732660000001,"data":"============================================================\n"}
,{"stream_name":"stderr","time":7.137872802,"data":"/usr/local/lib/python3.12/dist-packages/torch/cuda/__init__.py:435: UserWarning: \n"}
,{"stream_name":"stderr","time":7.137922341,"data":"    Found GPU0 Tesla P100-PCIE-16GB which is of cuda capability 6.0.\n"}
,{"stream_name":"stderr","time":7.137934113,"data":"    Minimum and Maximum cuda capability supported by this version of PyTorch is\n"}
,{"stream_name":"stderr","time":7.137937911,"data":"    (7.0) - (12.0)\n"}
,{"stream_name":"stderr","time":7.137940972,"data":"    \n"}
,{"stream_name":"stderr","time":7.137943931,"data":"  queued_call()\n"}
,{"stream_name":"stderr","time":7.137947001,"data":"/usr/local/lib/python3.12/dist-packages/torch/cuda/__init__.py:435: UserWarning: \n"}
,{"stream_name":"stderr","time":7.13795025,"data":"    Please install PyTorch with a following CUDA\n"}
,{"stream_name":"stderr","time":7.137953267,"data":"    configurations:  12.6 following instructions at\n"}
,{"stream_name":"stderr","time":7.137956277,"data":"    https://pytorch.org/get-started/locally/\n"}
,{"stream_name":"stderr","time":7.13795933,"data":"    \n"}
,{"stream_name":"stderr","time":7.137976271,"data":"  queued_call()\n"}
,{"stream_name":"stderr","time":7.13798498,"data":"/usr/local/lib/python3.12/dist-packages/torch/cuda/__init__.py:435: UserWarning: \n"}
,{"stream_name":"stderr","time":7.138006944,"data":"Tesla P100-PCIE-16GB with CUDA capability sm_60 is not compatible with the current PyTorch installation.\n"}
,{"stream_name":"stderr","time":7.138011791,"data":"The current PyTorch install supports CUDA capabilities sm_70 sm_75 sm_80 sm_86 sm_90 sm_100 sm_120.\n"}
,{"stream_name":"stderr","time":7.138016357,"data":"If you want to use the Tesla P100-PCIE-16GB GPU with PyTorch, please check the instructions at https://pytorch.org/get-started/locally/\n"}
,{"stream_name":"stderr","time":7.138021157,"data":"\n"}
,{"stream_name":"stderr","time":7.13802528,"data":"  queued_call()\n"}
,{"stream_name":"stdout","time":7.139682837,"data":"GPU compute capability: 6.0\n"}
,{"stream_name":"stdout","time":7.139698408,"data":"P100 detected — installing PyTorch 2.4.1+cu121 for sm_60 support...\n"}
,{"stream_name":"stdout","time":7.139704052,"data":"  Removing /usr/local/lib/python3.12/dist-packages/triton\n"}
,{"stream_name":"stdout","time":19.92171313,"data":"     ━━━━━━━━━━━━━━━━━━━━━━━━━━━━━━━━━━━━━━━ 798.9/798.9 MB 2.2 MB/s eta 0:00:00\n"}
,{"stream_name":"stdout","time":23.286765554,"data":"     ━━━━━━━━━━━━━━━━━━━━━━━━━━━━━━━━━━━━━━━━ 7.1/7.1 MB 89.9 MB/s eta 0:00:00\n"}
,{"stream_name":"stdout","time":71.233459675,"data":"   ━━━━━━━━━━━━━━━━━━━━━━━━━━━━━━━━━━━━━━━━ 209.5/209.5 MB 9.3 MB/s eta 0:00:00\n"}
,{"stream_name":"stderr","time":78.734020262,"data":"ERROR: pip's dependency resolver does not currently take into account all the packages that are installed. This behaviour is the source of the following dependency conflicts.\n"}
,{"stream_name":"stderr","time":78.734051545,"data":"torch 2.4.1+cu121 requires nvidia-cublas-cu12==12.1.3.1; platform_system == \"Linux\" and platform_machine == \"x86_64\", but you have nvidia-cublas-cu12 12.8.4.1 which is incompatible.\n"}
,{"stream_name":"stderr","time":78.734086582,"data":"torch 2.4.1+cu121 requires nvidia-cuda-cupti-cu12==12.1.105; platform_system == \"Linux\" and platform_machine == \"x86_64\", but you have nvidia-cuda-cupti-cu12 12.8.90 which is incompatible.\n"}
,{"stream_name":"stderr","time":78.734092994,"data":"torch 2.4.1+cu121 requires nvidia-cuda-nvrtc-cu12==12.1.105; platform_system == \"Linux\" and platform_machine == \"x86_64\", but you have nvidia-cuda-nvrtc-cu12 12.8.93 which is incompatible.\n"}
,{"stream_name":"stderr","time":78.734098225,"data":"torch 2.4.1+cu121 requires nvidia-cuda-runtime-cu12==12.1.105; platform_system == \"Linux\" and platform_machine == \"x86_64\", but you have nvidia-cuda-runtime-cu12 12.8.90 which is incompatible.\n"}
,{"stream_name":"stderr","time":78.73410473,"data":"torch 2.4.1+cu121 requires nvidia-cudnn-cu12==9.1.0.70; platform_system == \"Linux\" and platform_machine == \"x86_64\", but you have nvidia-cudnn-cu12 9.10.2.21 which is incompatible.\n"}
,{"stream_name":"stderr","time":78.734110458,"data":"torch 2.4.1+cu121 requires nvidia-cufft-cu12==11.0.2.54; platform_system == \"Linux\" and platform_machine == \"x86_64\", but you have nvidia-cufft-cu12 11.3.3.83 which is incompatible.\n"}
,{"stream_name":"stderr","time":78.734115176,"data":"torch 2.4.1+cu121 requires nvidia-curand-cu12==10.3.2.106; platform_system == \"Linux\" and platform_machine == \"x86_64\", but you have nvidia-curand-cu12 10.3.9.90 which is incompatible.\n"}
,{"stream_name":"stderr","time":78.734119589,"data":"torch 2.4.1+cu121 requires nvidia-cusolver-cu12==11.4.5.107; platform_system == \"Linux\" and platform_machine == \"x86_64\", but you have nvidia-cusolver-cu12 11.7.3.90 which is incompatible.\n"}
,{"stream_name":"stderr","time":78.734123768,"data":"torch 2.4.1+cu121 requires nvidia-cusparse-cu12==12.1.0.106; platform_system == \"Linux\" and platform_machine == \"x86_64\", but you have nvidia-cusparse-cu12 12.5.8.93 which is incompatible.\n"}
,{"stream_name":"stderr","time":78.734128111,"data":"torch 2.4.1+cu121 requires nvidia-nccl-cu12==2.20.5; platform_system == \"Linux\" and platform_machine == \"x86_64\", but you have nvidia-nccl-cu12 2.27.5 which is incompatible.\n"}
,{"stream_name":"stderr","time":78.734133776,"data":"torch 2.4.1+cu121 requires nvidia-nvtx-cu12==12.1.105; platform_system == \"Linux\" and platform_machine == \"x86_64\", but you have nvidia-nvtx-cu12 12.8.90 which is incompatible.\n"}
,{"stream_name":"stderr","time":78.734138567,"data":"torchaudio 2.10.0+cu128 requires torch==2.10.0, but you have torch 2.4.1+cu121 which is incompatible.\n"}
,{"stream_name":"stdout","time":78.853058907,"data":"PyTorch 2.4.1 installed\n"}
,{"stream_name":"stdout","time":80.372224848,"data":"     ━━━━━━━━━━━━━━━━━━━━━━━━━━━━━━━━━━━━━━━━ 44.1/44.1 kB 1.1 MB/s eta 0:00:00\n"}
,{"stream_name":"stdout","time":83.707405361,"data":"   ━━━━━━━━━━━━━━━━━━━━━━━━━━━━━━━━━━━━━━━━ 10.0/10.0 MB 52.9 MB/s eta 0:00:00\n"}
,{"stream_name":"stdout","time":83.748444908,"data":"   ━━━━━━━━━━━━━━━━━━━━━━━━━━━━━━━━━━━━━━━━ 480.6/480.6 kB 30.4 MB/s eta 0:00:00\n"}
,{"stream_name":"stdout","time":83.788031165,"data":"   ━━━━━━━━━━━━━━━━━━━━━━━━━━━━━━━━━━━━━━━━ 320.7/320.7 kB 22.1 MB/s eta 0:00:00\n"}
,{"stream_name":"stdout","time":83.828264193,"data":"   ━━━━━━━━━━━━━━━━━━━━━━━━━━━━━━━━━━━━━━━━ 333.2/333.2 kB 21.4 MB/s eta 0:00:00\n"}
,{"stream_name":"stdout","time":83.886298323,"data":"   ━━━━━━━━━━━━━━━━━━━━━━━━━━━━━━━━━━━━━━━━ 116.3/116.3 kB 7.6 MB/s eta 0:00:00\n"}
,{"stream_name":"stdout","time":83.925877614,"data":"   ━━━━━━━━━━━━━━━━━━━━━━━━━━━━━━━━━━━━━━━━ 179.3/179.3 kB 12.0 MB/s eta 0:00:00\n"}
,{"stream_name":"stdout","time":83.967763602,"data":"   ━━━━━━━━━━━━━━━━━━━━━━━━━━━━━━━━━━━━━━━━ 566.4/566.4 kB 30.0 MB/s eta 0:00:00\n"}
,{"stream_name":"stdout","time":84.027867802,"data":"   ━━━━━━━━━━━━━━━━━━━━━━━━━━━━━━━━━━━━━━━━ 3.0/3.0 MB 84.7 MB/s eta 0:00:00\n"}
,{"stream_name":"stdout","time":89.435848814,"data":"   ━━━━━━━━━━━━━━━━━━━━━━━━━━━━━━━━━━━━━━━━ 410.6/410.6 MB 3.5 MB/s eta 0:00:00\n"}
,{"stream_name":"stdout","time":89.605299834,"data":"   ━━━━━━━━━━━━━━━━━━━━━━━━━━━━━━━━━━━━━━━━ 14.1/14.1 MB 85.3 MB/s eta 0:00:00\n"}
,{"stream_name":"stdout","time":89.877781839,"data":"   ━━━━━━━━━━━━━━━━━━━━━━━━━━━━━━━━━━━━━━━━ 23.7/23.7 MB 64.9 MB/s eta 0:00:00\n"}
,{"stream_name":"stdout","time":89.92866189,"data":"   ━━━━━━━━━━━━━━━━━━━━━━━━━━━━━━━━━━━━━━━━ 823.6/823.6 kB 38.0 MB/s eta 0:00:00\n"}
,{"stream_name":"stdout","time":99.703343528,"data":"   ━━━━━━━━━━━━━━━━━━━━━━━━━━━━━━━━━━━━━━━━ 664.8/664.8 MB 1.9 MB/s eta 0:00:00\n"}
,{"stream_name":"stdout","time":102.771933937,"data":"   ━━━━━━━━━━━━━━━━━━━━━━━━━━━━━━━━━━━━━━━━ 121.6/121.6 MB 6.8 MB/s eta 0:00:00\n"}
,{"stream_name":"stdout","time":103.591548565,"data":"   ━━━━━━━━━━━━━━━━━━━━━━━━━━━━━━━━━━━━━━━━ 56.5/56.5 MB 28.7 MB/s eta 0:00:00\n"}
,{"stream_name":"stdout","time":105.846030853,"data":"   ━━━━━━━━━━━━━━━━━━━━━━━━━━━━━━━━━━━━━━━━ 124.2/124.2 MB 10.5 MB/s eta 0:00:00\n"}
,{"stream_name":"stdout","time":109.933342444,"data":"   ━━━━━━━━━━━━━━━━━━━━━━━━━━━━━━━━━━━━━━━━ 196.0/196.0 MB 7.7 MB/s eta 0:00:00\n"}
,{"stream_name":"stdout","time":121.222808367,"data":"   ━━━━━━━━━━━━━━━━━━━━━━━━━━━━━━━━━━━━━━━━ 176.2/176.2 MB 2.4 MB/s eta 0:00:00\n"}
,{"stream_name":"stdout","time":121.263545389,"data":"   ━━━━━━━━━━━━━━━━━━━━━━━━━━━━━━━━━━━━━━━━ 99.1/99.1 kB 5.5 MB/s eta 0:00:00\n"}
,{"stream_name":"stderr","time":196.708192772,"data":"ERROR: pip's dependency resolver does not currently take into account all the packages that are installed. This behaviour is the source of the following dependency conflicts.\n"}
,{"stream_name":"stderr","time":196.708243886,"data":"bigframes 2.39.0 requires google-cloud-bigquery-storage\u003c3.0.0,\u003e=2.30.0, which is not installed.\n"}
,{"stream_name":"stderr","time":196.70825027,"data":"tpot 1.1.0 requires dill\u003e=0.3.9, but you have dill 0.3.8 which is incompatible.\n"}
,{"stream_name":"stderr","time":196.70825431,"data":"torchaudio 2.10.0+cu128 requires torch==2.10.0, but you have torch 2.4.1+cu121 which is incompatible.\n"}
,{"stream_name":"stderr","time":196.708271335,"data":"gcsfs 2025.3.0 requires fsspec==2025.3.0, but you have fsspec 2024.9.0 which is incompatible.\n"}
,{"stream_name":"stdout","time":198.736847305,"data":"Dependencies installed.\n"}
,{"stream_name":"stderr","time":198.757142971,"data":"Traceback (most recent call last):\n"}
,{"stream_name":"stderr","time":198.757174428,"data":"  File \"/kaggle/src/script.py\", line 75, in \u003cmodule\u003e\n"}
,{"stream_name":"stderr","time":198.757181231,"data":"    importlib.reload(torch)\n"}
,{"stream_name":"stderr","time":198.757253652,"data":"  File \"/usr/lib/python3.12/importlib/__init__.py\", line 131, in reload\n"}
,{"stream_name":"stderr","time":198.758648595,"data":"    _bootstrap._exec(spec, module)\n"}
,{"stream_name":"stderr","time":198.758669845,"data":"  File \"\u003cfrozen importlib._bootstrap\u003e\", line 866, in _exec\n"}
,{"stream_name":"stderr","time":198.758675837,"data":"  File \"\u003cfrozen importlib._bootstrap_external\u003e\", line 999, in exec_module\n"}
,{"stream_name":"stderr","time":198.758680249,"data":"  File \"\u003cfrozen importlib._bootstrap\u003e\", line 488, in _call_with_frames_removed\n"}
,{"stream_name":"stderr","time":198.758699664,"data":"  File \"/usr/local/lib/python3.12/dist-packages/torch/__init__.py\", line 2164, in \u003cmodule\u003e\n"}
,{"stream_name":"stderr","time":198.759381012,"data":"    class _TritonLibrary:\n"}
,{"stream_name":"stderr","time":198.759424305,"data":"  File \"/usr/local/lib/python3.12/dist-packages/torch/__init__.py\", line 2165, in _TritonLibrary\n"}
,{"stream_name":"stderr","time":198.759869783,"data":"    lib = torch.library.Library(\"triton\", \"DEF\")\n"}
,{"stream_name":"stderr","time":198.759957062,"data":"          ^^^^^^^^^^^^^^^^^^^^^^^^^^^^^^^^^^^^^^\n"}
,{"stream_name":"stderr","time":198.759971492,"data":"  File \"/usr/local/lib/python3.12/dist-packages/torch/library.py\", line 101, in __init__\n"}
,{"stream_name":"stderr","time":198.760219517,"data":"    \n"}
,{"stream_name":"stderr","time":198.760234292,"data":"    \n"}
,{"stream_name":"stderr","time":198.760241488,"data":"RuntimeError: Only a single TORCH_LIBRARY can be used to register the namespace triton; please put all of your definitions in a single TORCH_LIBRARY block.  If you were trying to specify implementations, consider using TORCH_LIBRARY_IMPL (which can be duplicated).  If you really intended to define operators for a single namespace in a distributed way, you can use TORCH_LIBRARY_FRAGMENT to explicitly indicate this.  Previous registration of TORCH_LIBRARY was registered at /usr/local/lib/python3.12/dist-packages/torch/__init__.py:2805; latest registration was registered at /usr/local/lib/python3.12/dist-packages/torch/__init__.py:2165\n"}
,{"stream_name":"stderr","time":203.103601379,"data":"/usr/local/lib/python3.12/dist-packages/mistune.py:435: SyntaxWarning: invalid escape sequence '\\|'\n"}
,{"stream_name":"stderr","time":203.103643753,"data":"  cells[i][c] = re.sub('\\\\\\\\\\|', '|', cell)\n"}
,{"stream_name":"stderr","time":203.433156533,"data":"/usr/local/lib/python3.12/dist-packages/nbconvert/filters/filter_links.py:36: SyntaxWarning: invalid escape sequence '\\_'\n"}
,{"stream_name":"stderr","time":203.433184764,"data":"  text = re.sub(r'_', '\\_', text) # Escape underscores in display text\n"}
,{"stream_name":"stderr","time":204.188061952,"data":"[NbConvertApp] Converting notebook __script__.ipynb to html\n"}
,{"stream_name":"stderr","time":205.765658755,"data":"[NbConvertApp] Writing 350217 bytes to __results__.html\n"}
]