[{"stream_name":"stdout","time":0.715529732,"data":"============================================================\n"}
,{"stream_name":"stdout","time":0.715583573,"data":"Installing dependencies...\n"}
,{"stream_name":"stdout","time":0.715589202,"data":"============================================================\n"}
,{"stream_name":"stderr","time":5.712269676,"data":"/usr/local/lib/python3.12/dist-packages/torch/cuda/__init__.py:435: UserWarning: \n"}
,{"stream_name":"stderr","time":5.712315838,"data":"    Found GPU0 Tesla P100-PCIE-16GB which is of cuda capability 6.0.\n"}
,{"stream_name":"stderr","time":5.712323664,"data":"    Minimum and Maximum cuda capability supported by this version of PyTorch is\n"}
,{"stream_name":"stderr","time":5.712329217,"data":"    (7.0) - (12.0)\n"}
,{"stream_name":"stderr","time":5.712334093,"data":"    \n"}
,{"stream_name":"stderr","time":5.712338838,"data":"  queued_call()\n"}
,{"stream_name":"stderr","time":5.712343288,"data":"/usr/local/lib/python3.12/dist-packages/torch/cuda/__init__.py:435: UserWarning: \n"}
,{"stream_name":"stderr","time":5.712351716,"data":"    Please install PyTorch with a following CUDA\n"}
,{"stream_name":"stderr","time":5.712356128,"data":"    configurations:  12.6 following instructions at\n"}
,{"stream_name":"stderr","time":5.712363935,"data":"    https://pytorch.org/get-started/locally/\n"}
,{"stream_name":"stderr","time":5.712367806,"data":"    \n"}
,{"stream_name":"stderr","time":5.7123708539999996,"data":"  queued_call()\n"}
,{"stream_name":"stderr","time":5.712602128,"data":"/usr/local/lib/python3.12/dist-packages/torch/cuda/__init__.py:435: UserWarning: \n"}
,{"stream_name":"stderr","time":5.712612794,"data":"Tesla P100-PCIE-16GB with CUDA capability sm_60 is not compatible with the current PyTorch installation.\n"}
,{"stream_name":"stderr","time":5.712618087,"data":"The current PyTorch install supports CUDA capabilities sm_70 sm_75 sm_80 sm_86 sm_90 sm_100 sm_120.\n"}
,{"stream_name":"stderr","time":5.712623283,"data":"If you want to use the Tesla P100-PCIE-16GB GPU with PyTorch, please check the instructions at https://pytorch.org/get-started/locally/\n"}
,{"stream_name":"stderr","time":5.712629035,"data":"\n"}
,{"stream_name":"stderr","time":5.712633847,"data":"  queued_call()\n"}
,{"stream_name":"stdout","time":5.713760151,"data":"GPU compute capability: 6.0\n"}
,{"stream_name":"stdout","time":5.713782596,"data":"P100 detected — installing PyTorch 2.4.1+cu121 for sm_60 support...\n"}
,{"stream_name":"stdout","time":16.229996512,"data":"     ━━━━━━━━━━━━━━━━━━━━━━━━━━━━━━━━━━━━━━━ 798.9/798.9 MB 2.2 MB/s eta 0:00:00\n"}
,{"stream_name":"stdout","time":18.832128482,"data":"     ━━━━━━━━━━━━━━━━━━━━━━━━━━━━━━━━━━━━━━━━ 7.1/7.1 MB 117.0 MB/s eta 0:00:00\n"}
,{"stream_name":"stdout","time":19.055700072,"data":"     ━━━━━━━━━━━━━━━━━━━━━━━━━━━━━━━━━━━━━━━ 23.7/23.7 MB 209.7 MB/s eta 0:00:00\n"}
,{"stream_name":"stdout","time":19.176989765,"data":"     ━━━━━━━━━━━━━━━━━━━━━━━━━━━━━━━━━━━━━ 823.6/823.6 kB 230.9 MB/s eta 0:00:00\n"}
,{"stream_name":"stdout","time":19.280298678,"data":"     ━━━━━━━━━━━━━━━━━━━━━━━━━━━━━━━━━━━━━━━ 14.1/14.1 MB 243.4 MB/s eta 0:00:00\n"}
,{"stream_name":"stdout","time":26.877701502,"data":"     ━━━━━━━━━━━━━━━━━━━━━━━━━━━━━━━━━━━━━━━ 664.8/664.8 MB 2.5 MB/s eta 0:00:00\n"}
,{"stream_name":"stdout","time":31.735294065,"data":"     ━━━━━━━━━━━━━━━━━━━━━━━━━━━━━━━━━━━━━━ 410.6/410.6 MB 80.7 MB/s eta 0:00:00\n"}
,{"stream_name":"stdout","time":34.041278271,"data":"     ━━━━━━━━━━━━━━━━━━━━━━━━━━━━━━━━━━━━━ 121.6/121.6 MB 166.2 MB/s eta 0:00:00\n"}
,{"stream_name":"stdout","time":34.708814309,"data":"     ━━━━━━━━━━━━━━━━━━━━━━━━━━━━━━━━━━━━━━━ 56.5/56.5 MB 179.6 MB/s eta 0:00:00\n"}
,{"stream_name":"stdout","time":35.433413377,"data":"     ━━━━━━━━━━━━━━━━━━━━━━━━━━━━━━━━━━━━━ 124.2/124.2 MB 164.3 MB/s eta 0:00:00\n"}
,{"stream_name":"stdout","time":36.809318621,"data":"     ━━━━━━━━━━━━━━━━━━━━━━━━━━━━━━━━━━━━━ 196.0/196.0 MB 126.3 MB/s eta 0:00:00\n"}
,{"stream_name":"stdout","time":39.115164632,"data":"     ━━━━━━━━━━━━━━━━━━━━━━━━━━━━━━━━━━━━━ 176.2/176.2 MB 129.0 MB/s eta 0:00:00\n"}
,{"stream_name":"stdout","time":39.669544351,"data":"     ━━━━━━━━━━━━━━━━━━━━━━━━━━━━━━━━━━━━━━━ 99.1/99.1 kB 123.4 MB/s eta 0:00:00\n"}
,{"stream_name":"stdout","time":41.921592944,"data":"     ━━━━━━━━━━━━━━━━━━━━━━━━━━━━━━━━━━━━━━━ 209.5/209.5 MB 8.9 MB/s eta 0:00:00\n"}
,{"stream_name":"stderr","time":137.443016741,"data":"ERROR: pip's dependency resolver does not currently take into account all the packages that are installed. This behaviour is the source of the following dependency conflicts.\n"}
,{"stream_name":"stderr","time":137.443052884,"data":"torchaudio 2.10.0+cu128 requires torch==2.10.0, but you have torch 2.4.1+cu121 which is incompatible.\n"}
,{"stream_name":"stderr","time":138.018538763,"data":"Traceback (most recent call last):\n"}
,{"stream_name":"stderr","time":138.018571293,"data":"  File \"/kaggle/src/script.py\", line 41, in \u003cmodule\u003e\n"}
,{"stream_name":"stderr","time":138.018578482,"data":"    importlib.reload(torch)\n"}
,{"stream_name":"stderr","time":138.018595784,"data":"  File \"/usr/lib/python3.12/importlib/__init__.py\", line 131, in reload\n"}
,{"stream_name":"stderr","time":138.019440855,"data":"    _bootstrap._exec(spec, module)\n"}
,{"stream_name":"stderr","time":138.019470186,"data":"  File \"\u003cfrozen importlib._bootstrap\u003e\", line 866, in _exec\n"}
,{"stream_name":"stderr","time":138.019477728,"data":"  File \"\u003cfrozen importlib._bootstrap_external\u003e\", line 999, in exec_module\n"}
,{"stream_name":"stderr","time":138.019482801,"data":"  File \"\u003cfrozen importlib._bootstrap\u003e\", line 488, in _call_with_frames_removed\n"}
,{"stream_name":"stderr","time":138.019491679,"data":"  File \"/usr/local/lib/python3.12/dist-packages/torch/__init__.py\", line 2164, in \u003cmodule\u003e\n"}
,{"stream_name":"stderr","time":138.019985874,"data":"    class _TritonLibrary:\n"}
,{"stream_name":"stderr","time":138.019997353,"data":"  File \"/usr/local/lib/python3.12/dist-packages/torch/__init__.py\", line 2165, in _TritonLibrary\n"}
,{"stream_name":"stderr","time":138.020582112,"data":"    lib = torch.library.Library(\"triton\", \"DEF\")\n"}
,{"stream_name":"stderr","time":138.020602771,"data":"          ^^^^^^^^^^^^^^^^^^^^^^^^^^^^^^^^^^^^^^\n"}
,{"stream_name":"stderr","time":138.020609083,"data":"  File \"/usr/local/lib/python3.12/dist-packages/torch/library.py\", line 101, in __init__\n"}
,{"stream_name":"stderr","time":138.0213721,"data":"    \n"}
,{"stream_name":"stderr","time":138.021388513,"data":"    \n"}
,{"stream_name":"stderr","time":138.021392743,"data":"RuntimeError: Only a single TORCH_LIBRARY can be used to register the namespace triton; please put all of your definitions in a single TORCH_LIBRARY block.  If you were trying to specify implementations, consider using TORCH_LIBRARY_IMPL (which can be duplicated).  If you really intended to define operators for a single namespace in a distributed way, you can use TORCH_LIBRARY_FRAGMENT to explicitly indicate this.  Previous registration of TORCH_LIBRARY was registered at /usr/local/lib/python3.12/dist-packages/torch/__init__.py:2805; latest registration was registered at /usr/local/lib/python3.12/dist-packages/torch/__init__.py:2165\n"}
,{"stream_name":"stderr","time":141.268424456,"data":"/usr/local/lib/python3.12/dist-packages/mistune.py:435: SyntaxWarning: invalid escape sequence '\\|'\n"}
,{"stream_name":"stderr","time":141.268458054,"data":"  cells[i][c] = re.sub('\\\\\\\\\\|', '|', cell)\n"}
,{"stream_name":"stderr","time":141.509703613,"data":"/usr/local/lib/python3.12/dist-packages/nbconvert/filters/filter_links.py:36: SyntaxWarning: invalid escape sequence '\\_'\n"}
,{"stream_name":"stderr","time":141.509731856,"data":"  text = re.sub(r'_', '\\_', text) # Escape underscores in display text\n"}
,{"stream_name":"stderr","time":143.312793669,"data":"[NbConvertApp] Converting notebook __script__.ipynb to html\n"}
,{"stream_name":"stderr","time":144.497339641,"data":"[NbConvertApp] Writing 346888 bytes to __results__.html\n"}
]